
> speetiquel_red_v2@0.0.0 build
> vite build

[36mrolldown-vite v7.2.5 [32mbuilding client environment for production...[36m[39m
[2K
transforming...??1693 modules transformed.
node.exe : [31m??[39m
 Build failed in 1.82s
위치 줄:1 문자:1
+ & "C:\Program Files\
nodejs/node.exe" "C:\P
rogram Files\nodejs/no
de_mo ...
+ ~~~~~~~~~~~~~~~~~~~~
~~~~~~~~~~~~~~~~~~~~~~
~~~~~~~~~~~~~~~~~~~~~~
~~~~~
    + CategoryInfo    
          : NotSpeci  
  fied: ([31m??[39   
 m Build failed in    
 1.82s:String) []    ,
 RemoteException
    + FullyQualifiedE 
   rrorId : NativeCo  
  mmandError
 
[31merror during buil
d:
[31mBuild failed with
 4 errors:

[31m[UNRESOLVED_IMPOR
T] Error:[0m Could no
t resolve '../../asset
s/mechanism_mixing.png
' in src/components/se
ctions/Mechanism.jsx
   [38;5;246m??[0m[3
8;5;246m?[0m[38;5;2
46m[[0m src/component
s/sections/Mechanism.j
sx:2:20 [38;5;246m][
0m
   [38;5;246m??[0m
 [38;5;246m2 ??[0m [
38;5;249mi[0m[38;5;2
49mm[0m[38;5;249mp[
0m[38;5;249mo[0m[38
;5;249mr[0m[38;5;249
mt[0m[38;5;249m [0m
[38;5;249mm[0m[38;5
;249mi[0m[38;5;249mx
[0m[38;5;249mi[0m[
38;5;249mn[0m[38;5;2
49mg[0m[38;5;249m [
0m[38;5;249mf[0m[38
;5;249mr[0m[38;5;249
mo[0m[38;5;249mm[0m
[38;5;249m [0m"../..
/assets/mechanism_mixi
ng.png"[38;5;249m;[0
m
 [38;5;240m  ??[0m   
                 ???
???????????
????р???????
??????????  
 [38;5;240m  ??[0m   
                      
            ?겸?????
???????????
??? Module not fou
nd.
[38;5;246m?????[0m

[31m[UNRESOLVED_IMPOR
T] Error:[0m Could no
t resolve '../../asset
s/hero_bg.png' in src/
components/sections/He
ro.jsx
   [38;5;246m??[0m[3
8;5;246m?[0m[38;5;2
46m[[0m src/component
s/sections/Hero.jsx:2:
20 [38;5;246m][0m
   [38;5;246m??[0m
 [38;5;246m2 ??[0m [
38;5;249mi[0m[38;5;2
49mm[0m[38;5;249mp[
0m[38;5;249mo[0m[38
;5;249mr[0m[38;5;249
mt[0m[38;5;249m [0m
[38;5;249mh[0m[38;5
;249me[0m[38;5;249mr
[0m[38;5;249mo[0m[
38;5;249mB[0m[38;5;2
49mg[0m[38;5;249m [
0m[38;5;249mf[0m[38
;5;249mr[0m[38;5;249
mo[0m[38;5;249mm[0m
[38;5;249m [0m"../..
/assets/hero_bg.png"[
38;5;249m;[0m
 [38;5;240m  ??[0m   
                 ???
???????????
р???????????
?  
 [38;5;240m  ??[0m   
                      
        ?겸???????
??????? Module
 not found.
[38;5;246m?????[0m

[31m[UNRESOLVED_IMPOR
T] Error:[0m Could no
t resolve '../../asset
s/hero_vials.png' in s
rc/components/sections
/Hero.jsx
   [38;5;246m??[0m[3
8;5;246m?[0m[38;5;2
46m[[0m src/component
s/sections/Hero.jsx:3:
23 [38;5;246m][0m
   [38;5;246m??[0m
 [38;5;246m3 ??[0m [
38;5;249mi[0m[38;5;2
49mm[0m[38;5;249mp[
0m[38;5;249mo[0m[38
;5;249mr[0m[38;5;249
mt[0m[38;5;249m [0m
[38;5;249mh[0m[38;5
;249me[0m[38;5;249mr
[0m[38;5;249mo[0m[
38;5;249mV[0m[38;5;2
49mi[0m[38;5;249ma[
0m[38;5;249ml[0m[38
;5;249ms[0m[38;5;249
m [0m[38;5;249mf[0m
[38;5;249mr[0m[38;5
;249mo[0m[38;5;249mm
[0m[38;5;249m [0m".
./../assets/hero_vials
.png"[38;5;249m;[0m
 [38;5;240m  ??[0m   
                    ?
???????????
???р?????????
?????  
 [38;5;240m  ??[0m   
                      
            ?겸?????
???????????
 Module not found.
[38;5;246m?????[0m

[31m[UNRESOLVED_IMPOR
T] Error:[0m Could no
t resolve '../../asset
s/core_tech_schematic.
png' in src/components
/sections/CoreTech.jsx
   [38;5;246m??[0m[3
8;5;246m?[0m[38;5;2
46m[[0m src/component
s/sections/CoreTech.js
x:2:23 [38;5;246m][0
m
   [38;5;246m??[0m
 [38;5;246m2 ??[0m [
38;5;249mi[0m[38;5;2
49mm[0m[38;5;249mp[
0m[38;5;249mo[0m[38
;5;249mr[0m[38;5;249
mt[0m[38;5;249m [0m
[38;5;249ms[0m[38;5
;249mc[0m[38;5;249mh
[0m[38;5;249me[0m[
38;5;249mm[0m[38;5;2
49ma[0m[38;5;249mt[
0m[38;5;249mi[0m[38
;5;249mc[0m[38;5;249
m [0m[38;5;249mf[0m
[38;5;249mr[0m[38;5
;249mo[0m[38;5;249mm
[0m[38;5;249m [0m".
./../assets/core_tech_
schematic.png"[38;5;2
49m;[0m
 [38;5;240m  ??[0m   
                    ?
???????????
????????р????
???????????
???  
 [38;5;240m  ??[0m   
                      
                 ?겸??
???????????
??????? Module 
not found.
[38;5;246m?????[0m
[31m
    at aggregateBindin
gErrorsIntoJsError (fi
le:///C:/Users/BIOBIJO
U/.gemini/AI%20STUDY/W
ebsite/speetiquel_red_
v2/node_modules/rolldo
wn/dist/shared/src-CYk
h2Ybc.mjs:2659:18)
    at unwrapBindingRe
sult (file:///C:/Users
/BIOBIJOU/.gemini/AI%2
0STUDY/Website/speetiq
uel_red_v2/node_module
s/rolldown/dist/shared
/src-CYkh2Ybc.mjs:2634
:128)
    at #build (file://
/C:/Users/BIOBIJOU/.ge
mini/AI%20STUDY/Websit
e/speetiquel_red_v2/no
de_modules/rolldown/di
st/shared/src-CYkh2Ybc
.mjs:4433:34)
    at async buildEnvi
ronment (file:///C:/Us
ers/BIOBIJOU/.gemini/A
I%20STUDY/Website/spee
tiquel_red_v2/node_mod
ules/vite/dist/node/ch
unks/node.js:33468:64)
    at async Object.bu
ild (file:///C:/Users/
BIOBIJOU/.gemini/AI%20
STUDY/Website/speetiqu
el_red_v2/node_modules
/vite/dist/node/chunks
/node.js:33871:19)
    at async Object.bu
ildApp (file:///C:/Use
rs/BIOBIJOU/.gemini/AI
%20STUDY/Website/speet
iquel_red_v2/node_modu
les/vite/dist/node/chu
nks/node.js:33868:153)
    at async CAC.<anon
ymous> (file:///C:/Use
rs/BIOBIJOU/.gemini/AI
%20STUDY/Website/speet
iquel_red_v2/node_modu
les/vite/dist/node/cli
.js:629:3)[39m
